
Clover EFI installer log - Wed Oct  3 11:24:58 EEST 2018
Installer version: v2.4k r4674 EFI bootloader
======================================================
/dev/disk0
   #:                       TYPE NAME                    SIZE       IDENTIFIER
   0:      GUID_partition_scheme                        *256.1 GB   disk0
   1:                        EFI EFI                     209.7 MB   disk0s1
   2:                  Apple_HFS Macintosh HD            255.2 GB   disk0s2
   3:                 Apple_Boot Recovery HD             650.0 MB   disk0s3
/dev/disk1
   #:                       TYPE NAME                    SIZE       IDENTIFIER
   0:      GUID_partition_scheme                        *3.0 TB     disk1
   1:                        EFI EFI                     209.7 MB   disk1s1
   2:                  Apple_HFS Macintosh HD2           2.5 TB     disk1s2
   3:                  Apple_HFS macOS                   300.7 GB   disk1s3
   4:                 Apple_Boot Recovery HD             650.0 MB   disk1s4
   5: 7C3457EF-0000-11AA-AA11-00306543ECAC               100.4 GB   disk1s5
   6:       Microsoft Basic Data BOOTCAMP                97.7 GB    disk1s6
/dev/disk2
   #:                       TYPE NAME                    SIZE       IDENTIFIER
   0:      GUID_partition_scheme                        *1.0 TB     disk2
   1:                        EFI EFI                     209.7 MB   disk2s1
   2:                  Apple_HFS StoreJet Transcend      999.9 GB   disk2s2
======================================================
Backing up EFI files

Backing up stage2 file /Volumes/Macintosh HD/EFIROOTDIR/boot  to /Volumes/Macintosh HD/EFI-Backups/r4692/2018-10-03-11h24/boot
Backing up /Volumes/Macintosh HD/EFIROOTDIR/EFI folder to /Volumes/Macintosh HD/EFI-Backups/r4692/2018-10-03-11h24/EFI
No Active Partition

Stage 0 - Writing boot0af to /dev/rdisk0
dd if=/dev/rdisk0 count=1 bs=512 of=/tmp/origMBR
cp /tmp/origMBR /tmp/newMBR
dd if=//usr/standalone/i386/boot0af of=/tmp/newMBR bs=440 count=1 conv=notrunc
fdisk -f /tmp/newMBR -u -y /dev/rdisk0

Stage 1 - Writing boot1f32 to /dev/rdisk0s1
dd if=/dev/rdisk0s1 count=1 bs=512 of=/tmp/origbs
boot volume format is FAT32
cp /tmp/boot1f32 /tmp/newbs
dd if=/tmp/origbs of=/tmp/newbs skip=3 seek=3 bs=1 count=87 conv=notrunc
dd if=/tmp/newbs of=/dev/rdisk0s1

Stage 2 - Written boot6 (x64) to /Volumes/ESP/boot

======================================================
=========== Clover EFI Installation Finish ===========
======================================================
